Archive member included because of file (symbol)

../cross_compiler/lib/gcc/arm-none-eabi/4.8.1//libgcc.a(_udivsi3.o)
                              binaries/qsort.o (__aeabi_uidiv)
../cross_compiler/lib/gcc/arm-none-eabi/4.8.1//libgcc.a(_divsi3.o)
                              binaries/doprnt.o (__aeabi_idiv)
../cross_compiler/lib/gcc/arm-none-eabi/4.8.1//libgcc.a(_dvmd_tls.o)
                              ../cross_compiler/lib/gcc/arm-none-eabi/4.8.1//libgcc.a(_udivsi3.o) (__aeabi_idiv0)
../cross_compiler/lib/gcc/arm-none-eabi/4.8.1//libgcc.a(_arm_addsubdf3.o)
                              binaries/temperature_sensor.o (__aeabi_dadd)
../cross_compiler/lib/gcc/arm-none-eabi/4.8.1//libgcc.a(_arm_muldivdf3.o)
                              binaries/doprnt.o (__aeabi_dmul)
../cross_compiler/lib/gcc/arm-none-eabi/4.8.1//libgcc.a(_arm_cmpdf2.o)
                              binaries/doprnt.o (__aeabi_dcmplt)
../cross_compiler/lib/gcc/arm-none-eabi/4.8.1//libgcc.a(_arm_fixdfsi.o)
                              binaries/doprnt.o (__aeabi_d2iz)
../cross_compiler/lib/gcc/arm-none-eabi/4.8.1//libgcc.a(_arm_fixunsdfsi.o)
                              binaries/temperature_sensor.o (__aeabi_d2uiz)

Allocating common symbols
Common symbol       size              file

netbufpool          0x4               binaries/net.o
readylist           0x2               binaries/ready.o
rfltab              0x5a0             binaries/rflinit.o
netportseed         0x4               binaries/net.o
sleepq              0x2               binaries/clkinit.o
temperature_sensor_pins
                    0xc               binaries/temperature_sensor.o
intc_vector         0x200             binaries/evec.o
nnames              0x4               binaries/naminit.o
udptab              0x168             binaries/udp.o
adc_ain_dirty       0x8               binaries/adc.o
minheap             0x4               binaries/meminit.o
marks               0x50              binaries/mark.o
currpid             0x4               binaries/initialize.o
Lf_data             0x20c             binaries/lfsinit.o
porttab             0x2d0             binaries/ptinit.o
ttytab              0x110             binaries/ttyinit.o
adc_ain_val         0x20              binaries/adc.o
proctab             0x15e0            binaries/initialize.o
eth_a_regs          0x1c              binaries/ethinit.o
prcount             0x4               binaries/initialize.o
lfltab              0xf00             binaries/lflinit.o
rdstab              0x8c              binaries/rdsinit.o
ethertab            0x138             binaries/ethinit.o
NetData             0xb0              binaries/net.o
clktime_ms          0x4               binaries/clkinit.o
nmarks              0x4               binaries/mark.o
Defer               0x8               binaries/resched.o
semtab              0x4b0             binaries/initialize.o
adc_ain_callbacks   0x20              binaries/adc.o
maxheap             0x4               binaries/meminit.o
preempt             0x4               binaries/clkinit.o
buftab              0xf0              binaries/bufinit.o
Rf_data             0x18              binaries/rfsinit.o
mkmutex             0x4               binaries/mark.o
temperature_sensor_supplied_callback
                    0x4               binaries/temperature_sensor.o
temperature_sensor_pin_values
                    0xc               binaries/temperature_sensor.o
clktime             0x4               binaries/clkinit.o
arpcache            0x140             binaries/arp.o
icmptab             0x230             binaries/icmp.o
nbpools             0x4               binaries/bufinit.o
queuetab            0x980             binaries/queue.o
ptnextid            0x4               binaries/ptinit.o
Ram                 0x19000           binaries/raminit.o
ipoqueue            0x2c              binaries/ip.o
memlist             0x8               binaries/initialize.o
nametab             0x19a0            binaries/naminit.o
ptfree              0x4               binaries/ptinit.o
temperature_sensor_dirty_pins
                    0x4               binaries/temperature_sensor.o

Memory Configuration

Name             Origin             Length             Attributes
*default*        0x00000000         0xffffffff

Linker script and memory map

                0x81000000                physbase = 0x81000000
                0x81000000                . = physbase
                0x81000000                . = ALIGN (0x1000)

.text           0x81000000    0x1a000
                0x81000000                text = ABSOLUTE (.)
 *(.text .text.*)
 .text          0x81000000       0x4c binaries/start.o
                0x81000000                start
 .text          0x8100004c      0x358 binaries/adc.o
                0x8100004c                adc_handler
                0x810000e4                adc_register
                0x810000f0                adc_init
                0x8100024c                adc_invalidate
                0x81000294                adc_invalidate_blocking
                0x81000328                adc_invalidate_callback
                0x81000384                adc_is_dirty
                0x81000394                adc_value
 .text          0x810003a4      0x33c binaries/ascdate.o
                0x810003a4                ascdate
 .text          0x810006e0       0x18 binaries/bufinit.o
                0x810006e0                bufinit
 .text          0x810006f8       0x68 binaries/chprio.o
                0x810006f8                chprio
 .text          0x81000760      0x104 binaries/clkhandler.o
                0x81000760                clkhandler
 .text          0x81000864       0xe0 binaries/clkinit.o
                0x81000864                clkinit
 .text          0x81000944       0x50 binaries/close.o
                0x81000944                close
 .text          0x81000994        0x0 binaries/conf.o
 .text          0x81000994       0x68 binaries/control.o
                0x81000994                control
 .text          0x810009fc      0x290 binaries/create.o
                0x810009fc                create
 .text          0x81000c8c       0xb0 binaries/evec.o
                0x81000c8c                initintc
                0x81000cb8                set_evec
                0x81000cf8                irq_dispatch
 .text          0x81000d3c       0x10 binaries/exit.o
                0x81000d3c                exit
 .text          0x81000d4c       0x7c binaries/freebuf.o
                0x81000d4c                freebuf
 .text          0x81000dc8      0x148 binaries/freemem.o
                0x81000dc8                freemem
 .text          0x81000f10       0x78 binaries/getbuf.o
                0x81000f10                getbuf
 .text          0x81000f88       0x50 binaries/getc.o
                0x81000f88                getc
 .text          0x81000fd8       0x68 binaries/getdev.o
                0x81000fd8                getdev
 .text          0x81001040       0xa0 binaries/getitem.o
                0x81001040                getitem
                0x81001070                getfirst
                0x810010a4                getlast
 .text          0x810010e0      0x108 binaries/getmem.o
                0x810010e0                getmem
 .text          0x810011e8       0x10 binaries/getpid.o
                0x810011e8                getpid
 .text          0x810011f8       0x5c binaries/getprio.o
                0x810011f8                getprio
 .text          0x81001254       0xc8 binaries/getstk.o
                0x81001254                getstk
 .text          0x8100131c        0x8 binaries/getticks.o
                0x8100131c                getticks
 .text          0x81001324       0x38 binaries/gettime.o
                0x81001324                gettime
 .text          0x8100135c      0x1f4 binaries/getutime.o
                0x8100135c                getutime
 .text          0x81001550       0x50 binaries/init.o
                0x81001550                init
 .text          0x810015a0      0x344 binaries/initialize.o
                0x81001644                nulluser
                0x81001884                stop
                0x810018a8                delay
 .text          0x810018e4       0xd0 binaries/insert.o
                0x810018e4                insert
 .text          0x810019b4      0x134 binaries/insertd.o
                0x810019b4                insertd
 .text          0x81001ae8        0x8 binaries/ioerr.o
                0x81001ae8                ioerr
 .text          0x81001af0        0x8 binaries/ionull.o
                0x81001af0                ionull
 .text          0x81001af8      0x158 binaries/kill.o
                0x81001af8                kill
 .text          0x81001c50       0xd0 binaries/kprintf.o
                0x81001c50                kputc
                0x81001ca0                kgetc
                0x81001ce0                kprintf
 .text          0x81001d20       0x98 binaries/main.o
                0x81001d20                main
 .text          0x81001db8       0xd0 binaries/mark.o
                0x81001db8                markinit
                0x81001de4                mark
 .text          0x81001e88       0x48 binaries/meminit.o
                0x81001e88                meminit
 .text          0x81001ed0      0x140 binaries/mkbufpool.o
                0x81001ed0                mkbufpool
 .text          0x81002010       0x7c binaries/newqueue.o
                0x81002010                newqueue
 .text          0x8100208c       0x60 binaries/open.o
                0x8100208c                open
 .text          0x810020ec       0x20 binaries/panic.o
                0x810020ec                panic
 .text          0x8100210c       0xac binaries/platinit.o
                0x8100210c                counterinit
                0x81002124                platinit
 .text          0x810021b8       0xa8 binaries/ptclear.o
                0x810021b8                _ptclear
 .text          0x81002260       0x78 binaries/ptcount.o
                0x81002260                ptcount
 .text          0x810022d8       0xdc binaries/ptcreate.o
                0x810022d8                ptcreate
 .text          0x810023b4       0x74 binaries/ptdelete.o
                0x810023b4                ptdelete
 .text          0x81002428       0xbc binaries/ptinit.o
                0x81002428                ptinit
 .text          0x810024e4       0xd0 binaries/ptrecv.o
                0x810024e4                ptrecv
 .text          0x810025b4       0x68 binaries/ptreset.o
                0x810025b4                ptreset
 .text          0x8100261c       0xf4 binaries/ptsend.o
                0x8100261c                ptsend
 .text          0x81002710       0x58 binaries/putc.o
                0x81002710                putc
 .text          0x81002768       0xf4 binaries/queue.o
                0x81002768                enqueue
                0x81002800                dequeue
 .text          0x8100285c       0x60 binaries/read.o
                0x8100285c                read
 .text          0x810028bc       0x74 binaries/ready.o
                0x810028bc                ready
 .text          0x81002930       0x60 binaries/receive.o
                0x81002930                receive
 .text          0x81002990       0x48 binaries/recvclr.o
                0x81002990                recvclr
 .text          0x810029d8       0xb0 binaries/recvtime.o
                0x810029d8                recvtime
 .text          0x81002a88      0x1ac binaries/resched.o
                0x81002a88                resched
                0x81002b78                resched_cntl
 .text          0x81002c34       0x90 binaries/resume.o
                0x81002c34                resume
 .text          0x81002cc4       0x58 binaries/seek.o
                0x81002cc4                seek
 .text          0x81002d1c       0x58 binaries/semcount.o
                0x81002d1c                semcount
 .text          0x81002d74       0xb8 binaries/semcreate.o
                0x81002d74                semcreate
 .text          0x81002e2c       0xac binaries/semdelete.o
                0x81002e2c                semdelete
 .text          0x81002ed8       0xa4 binaries/semreset.o
                0x81002ed8                semreset
 .text          0x81002f7c       0xc0 binaries/send.o
                0x81002f7c                send
 .text          0x8100303c       0x80 binaries/signal.o
                0x8100303c                signal
 .text          0x810030bc       0xb0 binaries/signaln.o
                0x810030bc                signaln
 .text          0x8100316c       0xcc binaries/sleep.o
                0x8100316c                sleepms
                0x81003208                sleep
 .text          0x81003238       0xbc binaries/suspend.o
                0x81003238                suspend
 .text          0x810032f4       0xb8 binaries/unsleep.o
                0x810032f4                unsleep
 .text          0x810033ac       0x10 binaries/userret.o
                0x810033ac                userret
 .text          0x810033bc       0xac binaries/wait.o
                0x810033bc                wait
 .text          0x81003468       0xa0 binaries/wakeup.o
                0x81003468                wakeup
 .text          0x81003508       0x60 binaries/write.o
                0x81003508                write
 .text          0x81003568       0x18 binaries/xdone.o
                0x81003568                xdone
 .text          0x81003580       0x20 binaries/yield.o
                0x81003580                yield
 .text          0x810035a0        0xc binaries/abs.o
                0x810035a0                abs
 .text          0x810035ac      0x114 binaries/atoi.o
                0x810035ac                atoi
 .text          0x810036c0      0x114 binaries/atol.o
                0x810036c0                atol
 .text          0x810037d4       0x20 binaries/bzero.o
                0x810037d4                bzero
 .text          0x810037f4        0x0 binaries/ctype_.o
 .text          0x810037f4      0xa34 binaries/doprnt.o
                0x81003a14                _doprnt
 .text          0x81004228      0x704 binaries/doscan.o
                0x81004228                _doscan
 .text          0x8100492c      0x898 binaries/fdoprnt.o
                0x810049d8                _fdoprnt
 .text          0x810051c4       0x14 binaries/fgetc.o
                0x810051c4                fgetc
 .text          0x810051d8       0x84 binaries/fgets.o
                0x810051d8                fgets
 .text          0x8100525c       0x3c binaries/fprintf.o
                0x8100525c                fprintf
 .text          0x81005298       0x24 binaries/fputc.o
                0x81005298                fputc
 .text          0x810052bc       0x38 binaries/fputs.o
                0x810052bc                fputs
 .text          0x810052f4       0x78 binaries/fscanf.o
                0x81005328                fscanf
 .text          0x8100536c       0x2c binaries/getchar.o
                0x8100536c                getchar
 .text          0x81005398        0xc binaries/labs.o
                0x81005398                labs
 .text          0x810053a4        0x0 binaries/memchr.o
 .text          0x810053a4       0x60 binaries/memcmp.o
                0x810053a4                memcmp
 .text          0x81005404       0x24 binaries/memcpy.o
                0x81005404                memcpy
 .text          0x81005428       0x20 binaries/memset.o
                0x81005428                memset
 .text          0x81005448       0x58 binaries/printf.o
                0x81005448                printf
 .text          0x810054a0       0x2c binaries/putchar.o
                0x810054a0                putchar
 .text          0x810054cc      0x254 binaries/qsort.o
                0x81005700                qsort
 .text          0x81005720       0x7c binaries/rand.o
                0x81005720                rand
                0x81005758                rand_r
                0x8100578c                srand
 .text          0x8100579c       0x68 binaries/sprintf.o
                0x810057b4                sprintf
 .text          0x81005804       0x78 binaries/sscanf.o
                0x81005838                sscanf
 .text          0x8100587c       0x48 binaries/strchr.o
                0x8100587c                strchr
 .text          0x810058c4       0x54 binaries/strcmp.o
                0x810058c4                strcmp
 .text          0x81005918       0x18 binaries/strcpy.o
                0x81005918                strcpy
 .text          0x81005930       0x30 binaries/strlen.o
                0x81005930                strlen
 .text          0x81005960       0x50 binaries/strncat.o
                0x81005960                strncat
 .text          0x810059b0       0x54 binaries/strncmp.o
                0x810059b0                strncmp
 .text          0x81005a04       0x80 binaries/strncpy.o
                0x81005a04                strncpy
 .text          0x81005a84       0x48 binaries/strnlen.o
                0x81005a84                strnlen
 .text          0x81005acc       0x58 binaries/strrchr.o
                0x81005acc                strrchr
 .text          0x81005b24       0xb0 binaries/strstr.o
                0x81005b24                strstr
 .text          0x81005bd4       0xc8 binaries/ttycontrol.o
                0x81005bd4                ttycontrol
 .text          0x81005c9c       0x6c binaries/ttygetc.o
                0x81005c9c                ttygetc
 .text          0x81005d08      0x4d8 binaries/ttyhandle_in.o
                0x81005dd4                ttyhandle_in
 .text          0x810061e0      0x14c binaries/ttyhandle_out.o
                0x810061e0                ttyhandle_out
 .text          0x8100632c       0xc8 binaries/ttyhandler.o
                0x8100632c                ttyhandler
 .text          0x810063f4      0x120 binaries/ttyinit.o
                0x810063f4                ttyinit
 .text          0x81006514        0xc binaries/ttykickout.o
                0x81006514                ttykickout
 .text          0x81006520       0x78 binaries/ttyputc.o
                0x81006520                ttyputc
 .text          0x81006598      0x110 binaries/ttyread.o
                0x81006598                ttyread
 .text          0x810066a8       0x4c binaries/ttywrite.o
                0x810066a8                ttywrite
 .text          0x810066f4      0x134 binaries/mount.o
                0x810066f4                namlen
                0x81006748                mount
 .text          0x81006828      0x1c8 binaries/naminit.o
                0x81006828                naminit
 .text          0x810069f0      0x240 binaries/nammap.o
                0x810069f0                namrepl
                0x81006b28                namcpy
                0x81006b84                nammap
 .text          0x81006c30       0x40 binaries/namopen.o
                0x81006c30                namopen
 .text          0x81006c70       0x40 binaries/ethcontrol.o
                0x81006c70                ethcontrol
 .text          0x81006cb0      0x178 binaries/ethhandler.o
                0x81006cb0                ethhandler
 .text          0x81006e28      0x734 binaries/ethinit.o
                0x81006e28                eth_phy_read
                0x81006e98                eth_phy_write
                0x81006ef0                eth_phy_reset
                0x81007060                ethinit
 .text          0x8100755c       0xd8 binaries/ethread.o
                0x8100755c                ethread
 .text          0x81007634       0xf0 binaries/ethwrite.o
                0x81007634                ethwrite
 .text          0x81007724       0x90 binaries/rdsbufalloc.o
                0x81007724                rdsbufalloc
 .text          0x810077b4       0xa0 binaries/rdsclose.o
                0x810077b4                rdsclose
 .text          0x81007854      0x20c binaries/rdscomm.o
                0x81007854                rdscomm
 .text          0x81007a60      0x1a0 binaries/rdscontrol.o
                0x81007a60                rdscontrol
 .text          0x81007c00      0x180 binaries/rdsinit.o
                0x81007c00                rdsinit
 .text          0x81007d80      0x134 binaries/rdsopen.o
                0x81007d80                rdsopen
 .text          0x81007eb4      0x304 binaries/rdsprocess.o
                0x81007eb4                rdsprocess
 .text          0x810081b8      0x210 binaries/rdsread.o
                0x810081b8                rdsread
 .text          0x810083c8      0x184 binaries/rdswrite.o
                0x810083c8                rdswrite
 .text          0x8100854c        0x8 binaries/ramclose.o
                0x8100854c                ramclose
 .text          0x81008554       0x3c binaries/raminit.o
                0x81008554                raminit
 .text          0x81008590        0x8 binaries/ramopen.o
                0x81008590                ramopen
 .text          0x81008598       0x24 binaries/ramread.o
                0x81008598                ramread
 .text          0x810085bc       0x20 binaries/ramwrite.o
                0x810085bc                ramwrite
 .text          0x810085dc       0x94 binaries/lfdballoc.o
                0x810085dc                lfdballoc
 .text          0x81008670       0x4c binaries/lfdbfree.o
                0x81008670                lfdbfree
 .text          0x810086bc       0xb8 binaries/lfflush.o
                0x810086bc                lfflush
 .text          0x81008774       0xc8 binaries/lfgetmode.o
                0x81008774                lfgetmode
 .text          0x8100883c       0x6c binaries/lfiballoc.o
                0x8100883c                lfiballoc
 .text          0x810088a8       0x30 binaries/lfibclear.o
                0x810088a8                lfibclear
 .text          0x810088d8       0x64 binaries/lfibget.o
                0x810088d8                lfibget
 .text          0x8100893c       0x8c binaries/lfibput.o
                0x8100893c                lfibput
 .text          0x810089c8       0x84 binaries/lflclose.o
                0x810089c8                lflclose
 .text          0x81008a4c       0xa0 binaries/lflcontrol.o
                0x81008a4c                lflcontrol
 .text          0x81008aec       0xa8 binaries/lflgetc.o
                0x81008aec                lflgetc
 .text          0x81008b94       0xa8 binaries/lflinit.o
                0x81008b94                lflinit
 .text          0x81008c3c       0xdc binaries/lflputc.o
                0x81008c3c                lflputc
 .text          0x81008d18       0x78 binaries/lflread.o
                0x81008d18                lflread
 .text          0x81008d90       0x80 binaries/lflseek.o
                0x81008d90                lflseek
 .text          0x81008e10       0x5c binaries/lflwrite.o
                0x81008e10                lflwrite
 .text          0x81008e6c       0xa0 binaries/lfscheck.o
                0x81008e6c                lfscheck
 .text          0x81008f0c      0x144 binaries/lfsckfmt.o
                0x81008f0c                lfsckfmt
 .text          0x81009050      0x15c binaries/lfscreate.o
                0x81009050                lfscreate
 .text          0x810091ac      0x1f0 binaries/lfsetup.o
                0x810091ac                lfsetup
 .text          0x8100939c       0x44 binaries/lfsinit.o
                0x8100939c                lfsinit
 .text          0x810093e0      0x358 binaries/lfsopen.o
                0x810093e0                lfsopen
 .text          0x81009738      0x108 binaries/lftruncate.o
                0x81009738                lftruncate
 .text          0x81009840       0x70 binaries/rflclose.o
                0x81009840                rflclose
 .text          0x810098b0       0x28 binaries/rflgetc.o
                0x810098b0                rflgetc
 .text          0x810098d8       0x54 binaries/rflinit.o
                0x810098d8                rflinit
 .text          0x8100992c       0x30 binaries/rflputc.o
                0x8100992c                rflputc
 .text          0x8100995c      0x28c binaries/rflread.o
                0x8100995c                rflread
 .text          0x81009be8       0x74 binaries/rflseek.o
                0x81009be8                rflseek
 .text          0x81009c5c      0x2c8 binaries/rflwrite.o
                0x81009c5c                rflwrite
 .text          0x81009f24      0x198 binaries/rfscomm.o
                0x81009f24                rfscomm
 .text          0x8100a0bc      0x224 binaries/rfscontrol.o
                0x8100a0bc                rfscontrol
 .text          0x8100a2e0       0xc8 binaries/rfsgetmode.o
                0x8100a2e0                rfsgetmode
 .text          0x8100a3a8       0x84 binaries/rfsinit.o
                0x8100a3a8                rfsinit
 .text          0x8100a42c       0xa4 binaries/rfsndmsg.o
                0x8100a42c                rfsndmsg
 .text          0x8100a4d0      0x22c binaries/rfsopen.o
                0x8100a4d0                rfsopen
 .text          0x8100a6fc       0x8c binaries/spicontrol.o
                0x8100a6fc                spicontrol
 .text          0x8100a788       0xa8 binaries/spiinit.o
                0x8100a788                spiinit
 .text          0x8100a830      0xa40 binaries/gpio.o
                0x8100a830                get_gpio
                0x8100a884                gpio_autoidle_enable
                0x8100a89c                gpio_autoidle_disable
                0x8100a8b4                gpio_autoidle
                0x8100a8c8                gpio_softreset
                0x8100a8e0                gpio_wakeup_enable
                0x8100a8f8                gpio_wakeup_disable
                0x8100a910                gpio_wakeup
                0x8100a924                gpio_idlemode_write
                0x8100a944                gpio_idlemode
                0x8100a958                gpio_dmaevent_ack
                0x8100a970                gpio_irq0_trigger
                0x8100a9a0                gpio_irq0_trigger_pin
                0x8100a9b4                gpio_irq0_trigger_all
                0x8100a9cc                gpio_irq1_trigger
                0x8100a9fc                gpio_irq1_trigger_pin
                0x8100aa10                gpio_irq1_trigger_all
                0x8100aa28                gpio_irq0_status
                0x8100aa4c                gpio_irq0_status_pin
                0x8100aa5c                gpio_irq0_status_all
                0x8100aa70                gpio_irq1_status
                0x8100aa94                gpio_irq1_status_pin
                0x8100aaa4                gpio_irq1_status_all
                0x8100aab8                gpio_irq0_clear
                0x8100aae8                gpio_irq0_clear_pin
                0x8100aafc                gpio_irq0_clear_all
                0x8100ab14                gpio_irq1_clear
                0x8100ab44                gpio_irq1_clear_pin
                0x8100ab58                gpio_irq1_clear_all
                0x8100ab70                gpio_irq0_enable
                0x8100aba0                gpio_irq0_enable_pin
                0x8100abb4                gpio_irq0_enable_all
                0x8100abcc                gpio_irq1_enable
                0x8100abfc                gpio_irq1_enable_pin
                0x8100ac10                gpio_irq1_enable_all
                0x8100ac28                gpio_irq0_disable
                0x8100ac58                gpio_irq0_disable_pin
                0x8100ac6c                gpio_irq0_disable_all
                0x8100ac84                gpio_irq1_disable
                0x8100acb4                gpio_irq1_disable_pin
                0x8100acc8                gpio_irq1_disable_all
                0x8100ace0                gpio_resetdone
                0x8100acf4                gpio_module_enable
                0x8100ad0c                gpio_module_disable
                0x8100ad24                gpio_module
                0x8100ad38                gpio_gatingratio_write
                0x8100ad58                gpio_gatingratio
                0x8100ad6c                gpio_pin_output
                0x8100ad94                gpio_pin_output_pin
                0x8100ada4                gpio_pin_output_all
                0x8100adb8                gpio_pin_input
                0x8100ade0                gpio_pin_input_pin
                0x8100adf0                gpio_pin_input_all
                0x8100ae04                gpio_pin
                0x8100ae28                gpio_pin_pin
                0x8100ae38                gpio_pin_all
                0x8100ae4c                gpio_read
                0x8100ae70                gpio_read_pin
                0x8100ae80                gpio_read_all
                0x8100ae94                gpio_write
                0x8100aec4                gpio_write_pin
                0x8100aed8                gpio_write_all
                0x8100aef0                gpio_irq_lowlevel_enable
                0x8100af18                gpio_irq_lowlevel_enable_pin
                0x8100af28                gpio_irq_lowlevel_enable_all
                0x8100af3c                gpio_irq_lowlevel_disable
                0x8100af64                gpio_irq_lowlevel_disable_pin
                0x8100af74                gpio_irq_lowlevel_disable_all
                0x8100af88                gpio_irq_lowlevel
                0x8100afac                gpio_irq_lowlevel_pin
                0x8100afbc                gpio_irq_lowlevel_all
                0x8100afd0                gpio_irq_highlevel_enable
                0x8100aff8                gpio_irq_highlevel_enable_pin
                0x8100b008                gpio_irq_highlevel_enable_all
                0x8100b01c                gpio_irq_highlevel_disable
                0x8100b044                gpio_irq_highlevel_disable_pin
                0x8100b054                gpio_irq_highlevel_disable_all
                0x8100b068                gpio_irq_highlevel
                0x8100b08c                gpio_irq_highlevel_pin
                0x8100b09c                gpio_irq_highlevel_all
                0x8100b0b0                gpio_irq_rising_enable
                0x8100b0d8                gpio_irq_rising_enable_pin
                0x8100b0e8                gpio_irq_rising_enable_all
                0x8100b0fc                gpio_irq_rising_disable
                0x8100b124                gpio_irq_rising_disable_pin
                0x8100b134                gpio_irq_rising_disable_all
                0x8100b148                gpio_irq_rising
                0x8100b16c                gpio_irq_rising_pin
                0x8100b17c                gpio_irq_rising_all
                0x8100b190                gpio_irq_falling_enable
                0x8100b1b8                gpio_irq_falling_enable_pin
                0x8100b1c8                gpio_irq_falling_enable_all
                0x8100b1dc                gpio_irq_falling_disable
                0x8100b204                gpio_irq_falling_disable_pin
                0x8100b214                gpio_irq_falling_disable_all
                0x8100b228                gpio_irq_falling
                0x8100b24c                gpio_irq_falling_pin
                0x8100b25c                gpio_irq_falling_all
 .text          0x8100b270      0x488 binaries/temperature_sensor.o
                0x8100b270                temperature_sensor_callback_luminosity
                0x8100b34c                temperature_sensor_callback_temprature_kelvin
                0x8100b3e0                temperature_sensor_callback_light_intensity
                0x8100b470                temperature_sensor_set_pin
                0x8100b480                temperature_sensor_initialize
                0x8100b4b0                temperature_sensor_get_luminosity_blocking
                0x8100b570                temperature_sensor_get_luminosity_callback
                0x8100b5a4                temperature_sensor_get_temprature_kelvin_blocking
                0x8100b61c                temperature_sensor_get_temprature_kelvin_callback
                0x8100b650                temperature_sensor_get_light_intensity_blocking
                0x8100b6c4                temperature_sensor_get_light_intensity_callback
 .text          0x8100b6f8      0x714 binaries/arp.o
                0x8100b6f8                arp_init
                0x8100b718                arp_alloc
                0x8100b7ec                arp_ntoh
                0x8100b890                arp_hton
                0x8100b934                arp_resolve
                0x8100bb98                arp_in
 .text          0x8100be0c      0x6b0 binaries/dhcp.o
                0x8100be0c                dhcp_get_opt_val
                0x8100be6c                dhcp_bld_bootp_msg
                0x8100bf64                dhcp_bld_disc
                0x8100bfb8                dhcp_bld_req
                0x8100c07c                getlocalip
 .text          0x8100c4bc      0x56c binaries/dns.o
                0x8100c5a4                dnslookup
 .text          0x8100ca28      0x120 binaries/dot2ip.o
                0x8100ca28                dot2ip
 .text          0x8100cb48      0x33c binaries/hexdump.o
                0x8100cb48                hexdump
                0x8100cca8                hexadump
 .text          0x8100ce84      0x660 binaries/icmp.o
                0x8100ce84                icmp_init
                0x8100cea8                icmp_register
                0x8100cf64                icmp_recv
                0x8100d0b4                icmp_mkpkt
                0x8100d1a4                icmp_in
                0x8100d2f0                icmp_send
                0x8100d360                icmp_release
                0x8100d41c                icmp_cksum
                0x8100d47c                icmp_hton
                0x8100d4b0                icmp_ntoh
 .text          0x8100d4e4      0x674 binaries/ip.o
                0x8100d4e4                ip_local
                0x8100d514                ipcksum
                0x8100d558                ip_ntoh
                0x8100d5fc                ip_in
                0x8100d738                ip_hton
                0x8100d7dc                ip_out
                0x8100d890                ip_send
                0x8100d9c0                ipout
                0x8100dabc                ip_enqueue
 .text          0x8100db58      0x228 binaries/net.o
                0x8100db58                net_init
                0x8100dc60                eth_hton
                0x8100dc74                eth_ntoh
                0x8100dc88                netin
                0x8100dd30                getport
 .text          0x8100dd80      0x9dc binaries/pdump.o
                0x8100dd80                pdump
                0x8100e30c                pdumph
 .text          0x8100e75c      0x56c binaries/tftp.o
                0x8100e75c                tftp_send1
                0x8100e848                tftpget_mb
                0x8100ec94                tftpget
 .text          0x8100ecc8      0x890 binaries/udp.o
                0x8100ecc8                udp_init
                0x8100ecf0                udp_in
                0x8100eddc                udp_register
                0x8100eed8                udp_recv
                0x8100f00c                udp_recvaddr
                0x8100f15c                udp_send
                0x8100f2d4                udp_sendto
                0x8100f434                udp_release
                0x8100f4f0                udp_ntoh
                0x8100f524                udp_hton
 .text          0x8100f558      0x120 binaries/addargs.o
                0x8100f558                addargs
 .text          0x8100f678      0x2b4 binaries/lexan.o
                0x8100f678                lexan
 .text          0x8100f92c      0x6ac binaries/shell.o
                0x8100f92c                shell
 .text          0x8100ffd8      0x29c binaries/xsh_adccli.o
                0x8100ffd8                xsh_adccli_callback
                0x8100fff8                xsh_adccli
 .text          0x81010274       0x64 binaries/xsh_argecho.o
                0x81010274                xsh_argecho
 .text          0x810102d8      0x1f8 binaries/xsh_arp.o
                0x810102d8                xsh_arp
 .text          0x810104d0      0x23c binaries/xsh_cat.o
                0x810104d0                xsh_cat
 .text          0x8101070c       0x5c binaries/xsh_clear.o
                0x8101070c                xsh_clear
 .text          0x81010768      0x29c binaries/xsh_date.o
                0x81010768                xsh_date
 .text          0x81010a04       0x98 binaries/xsh_devdump.o
                0x81010a04                xsh_devdump
 .text          0x81010a9c       0x68 binaries/xsh_echo.o
                0x81010a9c                xsh_echo
 .text          0x81010b04        0x8 binaries/xsh_exit.o
                0x81010b04                xsh_exit
 .text          0x81010b0c     0x2f2c binaries/xsh_gpiocli.o
                0x81010cd4                xsh_gpiocli
 .text          0x81013a38      0x3d0 binaries/xsh_help.o
                0x81013a38                xsh_help
 .text          0x81013e08      0x1f8 binaries/xsh_kill.o
                0x81013e08                xsh_kill
 .text          0x81014000      0x490 binaries/xsh_memdump.o
                0x810140fc                xsh_memdump
 .text          0x81014490      0x224 binaries/xsh_memstat.o
                0x81014490                xsh_memstat
 .text          0x810146b4      0x17c binaries/xsh_memwrite.o
                0x810147b0                xsh_memwrite
 .text          0x81014830      0x3fc binaries/xsh_netinfo.o
                0x81014830                xsh_netinfo
 .text          0x81014c2c      0x3b0 binaries/xsh_ping.o
                0x81014c2c                xsh_ping
 .text          0x81014fdc      0x220 binaries/xsh_ps.o
                0x81014fdc                xsh_ps
 .text          0x810151fc      0x1cc binaries/xsh_sleep.o
                0x810151fc                xsh_sleep
 .text          0x810153c8      0x244 binaries/xsh_udpdump.o
                0x810153c8                xsh_udpdump
 .text          0x8101560c      0x400 binaries/xsh_udpecho.o
                0x8101560c                xsh_udpecho
 .text          0x81015a0c      0x254 binaries/xsh_udpserver.o
                0x81015a0c                xsh_udpeserver
 .text          0x81015c60      0x1ac binaries/xsh_uptime.o
                0x81015c60                xsh_uptime
 .text          0x81015e0c       0x2c binaries/ctxsw.o
                0x81015e0c                ctxsw
 .text          0x81015e38      0x100 binaries/intr.o
                0x81015e38                disable
                0x81015e44                restore
                0x81015e68                enable
                0x81015e70                pause
                0x81015e70                halt
                0x81015e78                irq_except
                0x81015ea8                initevec
                0x81015f08                expjmpinstr
 .text          0x81015f38      0x114 ../cross_compiler/lib/gcc/arm-none-eabi/4.8.1//libgcc.a(_udivsi3.o)
                0x81015f38                __udivsi3
                0x81015f38                __aeabi_uidiv
                0x8101602c                __aeabi_uidivmod
 .text          0x8101604c      0x148 ../cross_compiler/lib/gcc/arm-none-eabi/4.8.1//libgcc.a(_divsi3.o)
                0x8101604c                __aeabi_idiv
                0x8101604c                __divsi3
                0x81016174                __aeabi_idivmod
 .text          0x81016194        0x4 ../cross_compiler/lib/gcc/arm-none-eabi/4.8.1//libgcc.a(_dvmd_tls.o)
                0x81016194                __aeabi_ldiv0
                0x81016194                __aeabi_idiv0
 .text          0x81016198      0x41c ../cross_compiler/lib/gcc/arm-none-eabi/4.8.1//libgcc.a(_arm_addsubdf3.o)
                0x81016198                __aeabi_drsub
                0x810161a0                __aeabi_dsub
                0x810161a0                __subdf3
                0x810161a4                __adddf3
                0x810161a4                __aeabi_dadd
                0x810164b4                __aeabi_ui2d
                0x810164b4                __floatunsidf
                0x810164d8                __floatsidf
                0x810164d8                __aeabi_i2d
                0x81016500                __extendsfdf2
                0x81016500                __aeabi_f2d
                0x81016540                __aeabi_ul2d
                0x81016540                __floatundidf
                0x81016554                __floatdidf
                0x81016554                __aeabi_l2d
 .text          0x810165b4      0x49c ../cross_compiler/lib/gcc/arm-none-eabi/4.8.1//libgcc.a(_arm_muldivdf3.o)
                0x810165b4                __aeabi_dmul
                0x810165b4                __muldf3
                0x81016844                __aeabi_ddiv
                0x81016844                __divdf3
 .text          0x81016a50      0x144 ../cross_compiler/lib/gcc/arm-none-eabi/4.8.1//libgcc.a(_arm_cmpdf2.o)
                0x81016a50                __gtdf2
                0x81016a50                __gedf2
                0x81016a58                __ltdf2
                0x81016a58                __ledf2
                0x81016a60                __cmpdf2
                0x81016a60                __eqdf2
                0x81016a60                __nedf2
                0x81016ae8                __aeabi_cdrcmple
                0x81016b04                __aeabi_cdcmple
                0x81016b04                __aeabi_cdcmpeq
                0x81016b1c                __aeabi_dcmpeq
                0x81016b34                __aeabi_dcmplt
                0x81016b4c                __aeabi_dcmple
                0x81016b64                __aeabi_dcmpge
                0x81016b7c                __aeabi_dcmpgt
 .text          0x81016b94       0x5c ../cross_compiler/lib/gcc/arm-none-eabi/4.8.1//libgcc.a(_arm_fixdfsi.o)
                0x81016b94                __fixdfsi
                0x81016b94                __aeabi_d2iz
 .text          0x81016bf0       0x54 ../cross_compiler/lib/gcc/arm-none-eabi/4.8.1//libgcc.a(_arm_fixunsdfsi.o)
                0x81016bf0                __fixunsdfsi
                0x81016bf0                __aeabi_d2uiz
 *(.rodata .rodata.*)
 .rodata.str1.4
                0x81016c44       0x42 binaries/adc.o
                                 0x44 (size before relaxing)
 *fill*         0x81016c86        0x2 
 .rodata.str1.4
                0x81016c88       0x78 binaries/ascdate.o
 .rodata.str1.4
                0x81016d00       0xd9 binaries/conf.o
                                 0xdc (size before relaxing)
 *fill*         0x81016dd9        0x3 
 .rodata.str1.4
                0x81016ddc       0x61 binaries/getutime.o
                                 0x64 (size before relaxing)
 *fill*         0x81016e3d        0x3 
 .rodata.str1.4
                0x81016e40      0x188 binaries/initialize.o
                                0x18c (size before relaxing)
 .rodata.str1.4
                0x81016fc8       0x2a binaries/main.o
                                 0x2c (size before relaxing)
 *fill*         0x81016ff2        0x2 
 .rodata.str1.4
                0x81016ff4        0xf binaries/panic.o
                                 0x10 (size before relaxing)
 *fill*         0x81017003        0x1 
 .rodata.str1.4
                0x81017004       0x1d binaries/ptinit.o
                                 0x20 (size before relaxing)
 *fill*         0x81017021        0x3 
 .rodata.str1.4
                0x81017024       0x25 binaries/ptsend.o
                                 0x28 (size before relaxing)
 *fill*         0x81017049        0x3 
 .rodata.str1.4
                0x8101704c       0x27 binaries/xdone.o
                                 0x28 (size before relaxing)
 *fill*         0x81017073        0x1 
 .rodata        0x81017074       0x84 binaries/ctype_.o
                0x81017074                _ctype_
 .rodata.str1.4
                0x810170f8       0x2f binaries/doprnt.o
                                 0x30 (size before relaxing)
 .rodata.str1.4
                0x00000000       0x30 binaries/fdoprnt.o
 *fill*         0x81017127        0x1 
 .rodata.str1.4
                0x81017128       0x86 binaries/naminit.o
                                 0x90 (size before relaxing)
 *fill*         0x810171ae        0x2 
 .rodata.str1.4
                0x810171b0       0xe5 binaries/ethinit.o
                                 0xe8 (size before relaxing)
 *fill*         0x81017295        0x3 
 .rodata.str1.4
                0x81017298       0x12 binaries/ethread.o
                                 0x14 (size before relaxing)
 *fill*         0x810172aa        0x2 
 .rodata.str1.4
                0x810172ac       0x2c binaries/rdsbufalloc.o
 .rodata.str1.4
                0x810172d8       0x76 binaries/rdscomm.o
                                 0x78 (size before relaxing)
 *fill*         0x8101734e        0x2 
 .rodata.str1.4
                0x81017350       0x48 binaries/rdscontrol.o
 .rodata.str1.4
                0x81017398       0x96 binaries/rdsinit.o
                                 0x98 (size before relaxing)
 *fill*         0x8101742e        0x2 
 .rodata.str1.4
                0x81017430       0x22 binaries/rdsopen.o
                                 0x24 (size before relaxing)
 *fill*         0x81017452        0x2 
 .rodata.str1.4
                0x81017454       0x4d binaries/rdsprocess.o
                                 0x50 (size before relaxing)
 *fill*         0x810174a1        0x3 
 .rodata.str1.4
                0x810174a4        0x9 binaries/raminit.o
                                  0xc (size before relaxing)
 *fill*         0x810174ad        0x3 
 .rodata.str1.4
                0x810174b0       0x37 binaries/lfdballoc.o
                                 0x38 (size before relaxing)
 *fill*         0x810174e7        0x1 
 .rodata.str1.4
                0x810174e8       0x14 binaries/lfiballoc.o
 .rodata.str1.4
                0x810174fc       0x23 binaries/lflcontrol.o
                                 0x24 (size before relaxing)
 *fill*         0x8101751f        0x1 
 .rodata.str1.4
                0x81017520      0x11f binaries/lfsckfmt.o
                                0x120 (size before relaxing)
 *fill*         0x8101763f        0x1 
 .rodata.str1.4
                0x81017640       0x2a binaries/lfsopen.o
                                 0x2c (size before relaxing)
 *fill*         0x8101766a        0x2 
 .rodata.str1.4
                0x8101766c       0x21 binaries/rflread.o
                                 0x24 (size before relaxing)
 .rodata.str1.4
                0x00000000       0x24 binaries/rflwrite.o
 *fill*         0x8101768d        0x3 
 .rodata.str1.4
                0x81017690       0x75 binaries/rfscomm.o
                                 0x78 (size before relaxing)
 *fill*         0x81017705        0x3 
 .rodata.str1.4
                0x81017708       0x23 binaries/rfscontrol.o
                                 0x24 (size before relaxing)
 *fill*         0x8101772b        0x1 
 .rodata.str1.4
                0x8101772c       0x63 binaries/rfsinit.o
                                 0x64 (size before relaxing)
 *fill*         0x8101778f        0x1 
 .rodata.str1.4
                0x81017790       0x2a binaries/rfsndmsg.o
                                 0x2c (size before relaxing)
 .rodata.str1.4
                0x00000000       0x24 binaries/rfsopen.o
 *fill*         0x810177ba        0x2 
 .rodata.str1.4
                0x810177bc       0x3d binaries/arp.o
                                 0x40 (size before relaxing)
 *fill*         0x810177f9        0x3 
 .rodata.str1.4
                0x810177fc       0xd3 binaries/dhcp.o
                                 0xd4 (size before relaxing)
 *fill*         0x810178cf        0x1 
 .rodata.str1.4
                0x810178d0       0x1a binaries/dns.o
                                 0x1c (size before relaxing)
 *fill*         0x810178ea        0x2 
 .rodata.str1.4
                0x810178ec       0xca binaries/hexdump.o
                                 0xd8 (size before relaxing)
 *fill*         0x810179b6        0x2 
 .rodata.str1.4
                0x810179b8       0x29 binaries/icmp.o
                                 0x2c (size before relaxing)
 *fill*         0x810179e1        0x3 
 .rodata.str1.4
                0x810179e4       0x6e binaries/ip.o
                                 0x70 (size before relaxing)
 *fill*         0x81017a52        0x2 
 .rodata.str1.4
                0x81017a54       0x53 binaries/net.o
                                 0x54 (size before relaxing)
 *fill*         0x81017aa7        0x1 
 .rodata.str1.4
                0x81017aa8      0x292 binaries/pdump.o
                                0x298 (size before relaxing)
 *fill*         0x81017d3a        0x2 
 .rodata.str1.4
                0x81017d3c      0x154 binaries/tftp.o
                                0x158 (size before relaxing)
 .rodata        0x81017e90      0x120 binaries/shell.o
                0x81017e90                cmdtab
 .rodata.str1.4
                0x81017fb0      0x302 binaries/shell.o
                                0x30c (size before relaxing)
 *fill*         0x810182b2        0x2 
 .rodata.str1.4
                0x810182b4       0xf3 binaries/xsh_adccli.o
                                 0xf4 (size before relaxing)
 *fill*         0x810183a7        0x1 
 .rodata.str1.4
                0x810183a8       0x29 binaries/xsh_argecho.o
                                 0x30 (size before relaxing)
 *fill*         0x810183d1        0x3 
 .rodata.str1.4
                0x810183d4      0x126 binaries/xsh_arp.o
                                0x144 (size before relaxing)
 *fill*         0x810184fa        0x2 
 .rodata.str1.4
                0x810184fc       0x81 binaries/xsh_cat.o
                                 0xd4 (size before relaxing)
 *fill*         0x8101857d        0x3 
 .rodata.str1.4
                0x81018580       0x19 binaries/xsh_clear.o
                                 0x1c (size before relaxing)
 *fill*         0x81018599        0x3 
 .rodata.str1.4
                0x8101859c      0x187 binaries/xsh_date.o
                                0x1cc (size before relaxing)
 *fill*         0x81018723        0x1 
 .rodata.str1.4
                0x81018724       0x61 binaries/xsh_devdump.o
                                 0x64 (size before relaxing)
 *fill*         0x81018785        0x3 
 .rodata.str1.4
                0x81018788        0x8 binaries/xsh_echo.o
                                  0xc (size before relaxing)
 .rodata.str1.4
                0x81018790      0x9f8 binaries/xsh_gpiocli.o
                                0xa68 (size before relaxing)
 .rodata.str1.4
                0x81019188       0xe7 binaries/xsh_help.o
                                0x17c (size before relaxing)
 *fill*         0x8101926f        0x1 
 .rodata.str1.4
                0x81019270       0xc8 binaries/xsh_kill.o
                                0x138 (size before relaxing)
 .rodata.str1.4
                0x81019338      0x202 binaries/xsh_memdump.o
                                0x27c (size before relaxing)
 *fill*         0x8101953a        0x2 
 .rodata.str1.4
                0x8101953c      0x1cc binaries/xsh_memstat.o
                                0x234 (size before relaxing)
 .rodata.str1.4
                0x81019708       0x22 binaries/xsh_memwrite.o
                                 0x24 (size before relaxing)
 *fill*         0x8101972a        0x2 
 .rodata.str1.4
                0x8101972c      0x10f binaries/xsh_netinfo.o
                                0x1cc (size before relaxing)
 *fill*         0x8101983b        0x1 
 .rodata.str1.4
                0x8101983c      0x13f binaries/xsh_ping.o
                                0x1b4 (size before relaxing)
 *fill*         0x8101997b        0x1 
 .rodata        0x8101997c       0x20 binaries/xsh_ps.o
 .rodata.str1.4
                0x8101999c      0x11a binaries/xsh_ps.o
                                0x1d4 (size before relaxing)
 *fill*         0x81019ab6        0x2 
 .rodata.str1.4
                0x81019ab8       0x5e binaries/xsh_sleep.o
                                 0xf8 (size before relaxing)
 *fill*         0x81019b16        0x2 
 .rodata        0x81019b18        0xc binaries/xsh_udpdump.o
 .rodata.str1.4
                0x81019b24      0x122 binaries/xsh_udpdump.o
                                0x1e0 (size before relaxing)
 *fill*         0x81019c46        0x2 
 .rodata.str1.4
                0x81019c48      0x1ae binaries/xsh_udpecho.o
                                0x224 (size before relaxing)
 *fill*         0x81019df6        0x2 
 .rodata.str1.4
                0x81019df8       0x97 binaries/xsh_udpserver.o
                                0x13c (size before relaxing)
 *fill*         0x81019e8f        0x1 
 .rodata.str1.4
                0x81019e90       0x78 binaries/xsh_uptime.o
                                0x114 (size before relaxing)
                0x81019f08                etext = ABSOLUTE (.)
                0x8101a000                . = ALIGN (0x1000)
 *fill*         0x81019f08       0xf8 

.glue_7         0x8101a000        0x0
 .glue_7        0x00000000        0x0 linker stubs

.glue_7t        0x8101a000        0x0
 .glue_7t       0x00000000        0x0 linker stubs

.vfp11_veneer   0x8101a000        0x0
 .vfp11_veneer  0x00000000        0x0 linker stubs

.v4_bx          0x8101a000        0x0
 .v4_bx         0x00000000        0x0 linker stubs

.iplt           0x8101a000        0x0
 .iplt          0x00000000        0x0 binaries/start.o

.rel.dyn        0x8101a000        0x0
 .rel.iplt      0x00000000        0x0 binaries/start.o

.data           0x8101a000     0x1000
                0x8101a000                data = ABSOLUTE (.)
 *(.data .data.*)
 .data          0x8101a000        0x0 binaries/start.o
 .data          0x8101a000        0x0 binaries/adc.o
 .data          0x8101a000       0x88 binaries/ascdate.o
                0x8101a000                Date
 .data          0x8101a088        0x0 binaries/bufinit.o
 .data          0x8101a088        0x0 binaries/chprio.o
 .data          0x8101a088        0x4 binaries/clkhandler.o
 .data          0x8101a08c        0x0 binaries/clkinit.o
 .data          0x8101a08c        0x0 binaries/close.o
 .data          0x8101a08c      0x618 binaries/conf.o
                0x8101a08c                devtab
 .data          0x8101a6a4        0x0 binaries/control.o
 .data          0x8101a6a4        0x4 binaries/create.o
 .data          0x8101a6a8       0x40 binaries/evec.o
                0x8101a6a8                expmsg2
                0x8101a6bc                expmsg1
 .data          0x8101a6e8        0x0 binaries/exit.o
 .data          0x8101a6e8        0x0 binaries/freebuf.o
 .data          0x8101a6e8        0x0 binaries/freemem.o
 .data          0x8101a6e8        0x0 binaries/getbuf.o
 .data          0x8101a6e8        0x0 binaries/getc.o
 .data          0x8101a6e8        0x0 binaries/getdev.o
 .data          0x8101a6e8        0x0 binaries/getitem.o
 .data          0x8101a6e8        0x0 binaries/getmem.o
 .data          0x8101a6e8        0x0 binaries/getpid.o
 .data          0x8101a6e8        0x0 binaries/getprio.o
 .data          0x8101a6e8        0x0 binaries/getstk.o
 .data          0x8101a6e8        0x0 binaries/getticks.o
 .data          0x8101a6e8        0x0 binaries/gettime.o
 .data          0x8101a6e8        0x0 binaries/getutime.o
 .data          0x8101a6e8        0x0 binaries/init.o
 .data          0x8101a6e8        0x0 binaries/initialize.o
 .data          0x8101a6e8        0x0 binaries/insert.o
 .data          0x8101a6e8        0x0 binaries/insertd.o
 .data          0x8101a6e8        0x0 binaries/ioerr.o
 .data          0x8101a6e8        0x0 binaries/ionull.o
 .data          0x8101a6e8        0x0 binaries/kill.o
 .data          0x8101a6e8        0x0 binaries/kprintf.o
 .data          0x8101a6e8        0x0 binaries/main.o
 .data          0x8101a6e8        0x0 binaries/mark.o
 .data          0x8101a6e8        0x0 binaries/meminit.o
 .data          0x8101a6e8        0x0 binaries/mkbufpool.o
 .data          0x8101a6e8        0x2 binaries/newqueue.o
 .data          0x8101a6ea        0x0 binaries/open.o
 .data          0x8101a6ea        0x0 binaries/panic.o
 .data          0x8101a6ea        0x0 binaries/platinit.o
 .data          0x8101a6ea        0x0 binaries/ptclear.o
 .data          0x8101a6ea        0x0 binaries/ptcount.o
 .data          0x8101a6ea        0x0 binaries/ptcreate.o
 .data          0x8101a6ea        0x0 binaries/ptdelete.o
 .data          0x8101a6ea        0x0 binaries/ptinit.o
 .data          0x8101a6ea        0x0 binaries/ptrecv.o
 .data          0x8101a6ea        0x0 binaries/ptreset.o
 .data          0x8101a6ea        0x0 binaries/ptsend.o
 .data          0x8101a6ea        0x0 binaries/putc.o
 .data          0x8101a6ea        0x0 binaries/queue.o
 .data          0x8101a6ea        0x0 binaries/read.o
 .data          0x8101a6ea        0x0 binaries/ready.o
 .data          0x8101a6ea        0x0 binaries/receive.o
 .data          0x8101a6ea        0x0 binaries/recvclr.o
 .data          0x8101a6ea        0x0 binaries/recvtime.o
 .data          0x8101a6ea        0x0 binaries/resched.o
 .data          0x8101a6ea        0x0 binaries/resume.o
 .data          0x8101a6ea        0x0 binaries/seek.o
 .data          0x8101a6ea        0x0 binaries/semcount.o
 .data          0x8101a6ea        0x0 binaries/semcreate.o
 .data          0x8101a6ea        0x0 binaries/semdelete.o
 .data          0x8101a6ea        0x0 binaries/semreset.o
 .data          0x8101a6ea        0x0 binaries/send.o
 .data          0x8101a6ea        0x0 binaries/signal.o
 .data          0x8101a6ea        0x0 binaries/signaln.o
 .data          0x8101a6ea        0x0 binaries/sleep.o
 .data          0x8101a6ea        0x0 binaries/suspend.o
 .data          0x8101a6ea        0x0 binaries/unsleep.o
 .data          0x8101a6ea        0x0 binaries/userret.o
 .data          0x8101a6ea        0x0 binaries/wait.o
 .data          0x8101a6ea        0x0 binaries/wakeup.o
 .data          0x8101a6ea        0x0 binaries/write.o
 .data          0x8101a6ea        0x0 binaries/xdone.o
 .data          0x8101a6ea        0x0 binaries/yield.o
 .data          0x8101a6ea        0x0 binaries/abs.o
 .data          0x8101a6ea        0x0 binaries/atoi.o
 .data          0x8101a6ea        0x0 binaries/atol.o
 .data          0x8101a6ea        0x0 binaries/bzero.o
 .data          0x8101a6ea        0x0 binaries/ctype_.o
 .data          0x8101a6ea        0x0 binaries/doprnt.o
 *fill*         0x8101a6ea        0x2 
 .data          0x8101a6ec       0x80 binaries/doscan.o
                0x8101a6ec                _sctab
 .data          0x8101a76c        0x0 binaries/fdoprnt.o
 .data          0x8101a76c        0x0 binaries/fgetc.o
 .data          0x8101a76c        0x0 binaries/fgets.o
 .data          0x8101a76c        0x0 binaries/fprintf.o
 .data          0x8101a76c        0x0 binaries/fputc.o
 .data          0x8101a76c        0x0 binaries/fputs.o
 .data          0x8101a76c        0x0 binaries/fscanf.o
 .data          0x8101a76c        0x0 binaries/getchar.o
 .data          0x8101a76c        0x0 binaries/labs.o
 .data          0x8101a76c        0x0 binaries/memchr.o
 .data          0x8101a76c        0x0 binaries/memcmp.o
 .data          0x8101a76c        0x0 binaries/memcpy.o
 .data          0x8101a76c        0x0 binaries/memset.o
 .data          0x8101a76c        0x0 binaries/printf.o
 .data          0x8101a76c        0x0 binaries/putchar.o
 .data          0x8101a76c        0x0 binaries/qsort.o
 .data          0x8101a76c        0x4 binaries/rand.o
 .data          0x8101a770        0x0 binaries/sprintf.o
 .data          0x8101a770        0x0 binaries/sscanf.o
 .data          0x8101a770        0x0 binaries/strchr.o
 .data          0x8101a770        0x0 binaries/strcmp.o
 .data          0x8101a770        0x0 binaries/strcpy.o
 .data          0x8101a770        0x0 binaries/strlen.o
 .data          0x8101a770        0x0 binaries/strncat.o
 .data          0x8101a770        0x0 binaries/strncmp.o
 .data          0x8101a770        0x0 binaries/strncpy.o
 .data          0x8101a770        0x0 binaries/strnlen.o
 .data          0x8101a770        0x0 binaries/strrchr.o
 .data          0x8101a770        0x0 binaries/strstr.o
 .data          0x8101a770        0x0 binaries/ttycontrol.o
 .data          0x8101a770        0x0 binaries/ttygetc.o
 .data          0x8101a770        0x0 binaries/ttyhandle_in.o
 .data          0x8101a770        0x0 binaries/ttyhandle_out.o
 .data          0x8101a770        0x0 binaries/ttyhandler.o
 .data          0x8101a770        0x0 binaries/ttyinit.o
 .data          0x8101a770        0x0 binaries/ttykickout.o
 .data          0x8101a770        0x0 binaries/ttyputc.o
 .data          0x8101a770        0x0 binaries/ttyread.o
 .data          0x8101a770        0x0 binaries/ttywrite.o
 .data          0x8101a770        0x0 binaries/mount.o
 .data          0x8101a770        0x0 binaries/naminit.o
 .data          0x8101a770        0x0 binaries/nammap.o
 .data          0x8101a770        0x0 binaries/namopen.o
 .data          0x8101a770        0x0 binaries/ethcontrol.o
 .data          0x8101a770        0x0 binaries/ethhandler.o
 .data          0x8101a770        0x0 binaries/ethinit.o
 .data          0x8101a770        0x0 binaries/ethread.o
 .data          0x8101a770        0x0 binaries/ethwrite.o
 .data          0x8101a770        0x0 binaries/rdsbufalloc.o
 .data          0x8101a770        0x0 binaries/rdsclose.o
 .data          0x8101a770        0x0 binaries/rdscomm.o
 .data          0x8101a770        0x0 binaries/rdscontrol.o
 .data          0x8101a770        0x0 binaries/rdsinit.o
 .data          0x8101a770        0x0 binaries/rdsopen.o
 .data          0x8101a770        0x0 binaries/rdsprocess.o
 .data          0x8101a770        0x0 binaries/rdsread.o
 .data          0x8101a770        0x0 binaries/rdswrite.o
 .data          0x8101a770        0x0 binaries/ramclose.o
 .data          0x8101a770        0x0 binaries/raminit.o
 .data          0x8101a770        0x0 binaries/ramopen.o
 .data          0x8101a770        0x0 binaries/ramread.o
 .data          0x8101a770        0x0 binaries/ramwrite.o
 .data          0x8101a770        0x0 binaries/lfdballoc.o
 .data          0x8101a770        0x0 binaries/lfdbfree.o
 .data          0x8101a770        0x0 binaries/lfflush.o
 .data          0x8101a770        0x0 binaries/lfgetmode.o
 .data          0x8101a770        0x0 binaries/lfiballoc.o
 .data          0x8101a770        0x0 binaries/lfibclear.o
 .data          0x8101a770        0x0 binaries/lfibget.o
 .data          0x8101a770        0x0 binaries/lfibput.o
 .data          0x8101a770        0x0 binaries/lflclose.o
 .data          0x8101a770        0x0 binaries/lflcontrol.o
 .data          0x8101a770        0x0 binaries/lflgetc.o
 .data          0x8101a770        0x0 binaries/lflinit.o
 .data          0x8101a770        0x0 binaries/lflputc.o
 .data          0x8101a770        0x0 binaries/lflread.o
 .data          0x8101a770        0x0 binaries/lflseek.o
 .data          0x8101a770        0x0 binaries/lflwrite.o
 .data          0x8101a770        0x0 binaries/lfscheck.o
 .data          0x8101a770        0x0 binaries/lfsckfmt.o
 .data          0x8101a770        0x0 binaries/lfscreate.o
 .data          0x8101a770        0x0 binaries/lfsetup.o
 .data          0x8101a770        0x0 binaries/lfsinit.o
 .data          0x8101a770        0x0 binaries/lfsopen.o
 .data          0x8101a770        0x0 binaries/lftruncate.o
 .data          0x8101a770        0x0 binaries/rflclose.o
 .data          0x8101a770        0x0 binaries/rflgetc.o
 .data          0x8101a770        0x0 binaries/rflinit.o
 .data          0x8101a770        0x0 binaries/rflputc.o
 .data          0x8101a770        0x0 binaries/rflread.o
 .data          0x8101a770        0x0 binaries/rflseek.o
 .data          0x8101a770        0x0 binaries/rflwrite.o
 .data          0x8101a770        0x0 binaries/rfscomm.o
 .data          0x8101a770        0x0 binaries/rfscontrol.o
 .data          0x8101a770        0x0 binaries/rfsgetmode.o
 .data          0x8101a770        0x0 binaries/rfsinit.o
 .data          0x8101a770        0x0 binaries/rfsndmsg.o
 .data          0x8101a770        0x0 binaries/rfsopen.o
 .data          0x8101a770        0x0 binaries/spicontrol.o
 .data          0x8101a770        0x0 binaries/spiinit.o
 .data          0x8101a770        0x0 binaries/gpio.o
 .data          0x8101a770        0x0 binaries/temperature_sensor.o
 .data          0x8101a770        0x0 binaries/arp.o
 .data          0x8101a770        0x0 binaries/dhcp.o
 .data          0x8101a770        0x0 binaries/dns.o
 .data          0x8101a770        0x0 binaries/dot2ip.o
 .data          0x8101a770        0x0 binaries/hexdump.o
 .data          0x8101a770        0x4 binaries/icmp.o
 .data          0x8101a774        0x0 binaries/ip.o
 .data          0x8101a774        0x0 binaries/net.o
 .data          0x8101a774        0x0 binaries/pdump.o
 .data          0x8101a774        0x0 binaries/tftp.o
 .data          0x8101a774        0x4 binaries/udp.o
 .data          0x8101a778        0x0 binaries/addargs.o
 .data          0x8101a778        0x0 binaries/lexan.o
 .data          0x8101a778        0x4 binaries/shell.o
                0x8101a778                ncmd
 .data          0x8101a77c        0x0 binaries/xsh_adccli.o
 .data          0x8101a77c        0x0 binaries/xsh_argecho.o
 .data          0x8101a77c        0x0 binaries/xsh_arp.o
 .data          0x8101a77c        0x0 binaries/xsh_cat.o
 .data          0x8101a77c        0x0 binaries/xsh_clear.o
 .data          0x8101a77c        0x0 binaries/xsh_date.o
 .data          0x8101a77c        0x0 binaries/xsh_devdump.o
 .data          0x8101a77c        0x0 binaries/xsh_echo.o
 .data          0x8101a77c        0x0 binaries/xsh_exit.o
 .data          0x8101a77c        0x0 binaries/xsh_gpiocli.o
 .data          0x8101a77c        0x0 binaries/xsh_help.o
 .data          0x8101a77c        0x0 binaries/xsh_kill.o
 .data          0x8101a77c        0x0 binaries/xsh_memdump.o
 .data          0x8101a77c        0x0 binaries/xsh_memstat.o
 .data          0x8101a77c        0x0 binaries/xsh_memwrite.o
 .data          0x8101a77c        0x0 binaries/xsh_netinfo.o
 .data          0x8101a77c        0x0 binaries/xsh_ping.o
 .data          0x8101a77c        0x0 binaries/xsh_ps.o
 .data          0x8101a77c        0x0 binaries/xsh_sleep.o
 .data          0x8101a77c        0x0 binaries/xsh_udpdump.o
 .data          0x8101a77c        0x0 binaries/xsh_udpecho.o
 .data          0x8101a77c        0x0 binaries/xsh_udpserver.o
 .data          0x8101a77c        0x0 binaries/xsh_uptime.o
 .data          0x8101a77c        0x0 binaries/ctxsw.o
 .data          0x8101a77c        0x0 binaries/intr.o
 .data          0x8101a77c        0x0 ../cross_compiler/lib/gcc/arm-none-eabi/4.8.1//libgcc.a(_udivsi3.o)
 .data          0x8101a77c        0x0 ../cross_compiler/lib/gcc/arm-none-eabi/4.8.1//libgcc.a(_divsi3.o)
 .data          0x8101a77c        0x0 ../cross_compiler/lib/gcc/arm-none-eabi/4.8.1//libgcc.a(_dvmd_tls.o)
 .data          0x8101a77c        0x0 ../cross_compiler/lib/gcc/arm-none-eabi/4.8.1//libgcc.a(_arm_addsubdf3.o)
 .data          0x8101a77c        0x0 ../cross_compiler/lib/gcc/arm-none-eabi/4.8.1//libgcc.a(_arm_muldivdf3.o)
 .data          0x8101a77c        0x0 ../cross_compiler/lib/gcc/arm-none-eabi/4.8.1//libgcc.a(_arm_cmpdf2.o)
 .data          0x8101a77c        0x0 ../cross_compiler/lib/gcc/arm-none-eabi/4.8.1//libgcc.a(_arm_fixdfsi.o)
 .data          0x8101a77c        0x0 ../cross_compiler/lib/gcc/arm-none-eabi/4.8.1//libgcc.a(_arm_fixunsdfsi.o)
                0x8101a77c                edata = ABSOLUTE (.)
                0x8101b000                . = ALIGN (0x1000)
 *fill*         0x8101a77c      0x884 

.igot.plt       0x8101b000        0x0
 .igot.plt      0x00000000        0x0 binaries/start.o

.bss            0x8101b000    0x20000
                0x8101b000                bss = ABSOLUTE (.)
 *(.bss .bss.*)
 .bss           0x8101b000        0x0 binaries/start.o
 .bss           0x8101b000        0x0 binaries/adc.o
 .bss           0x8101b000        0x0 binaries/ascdate.o
 .bss           0x8101b000        0x0 binaries/bufinit.o
 .bss           0x8101b000        0x0 binaries/chprio.o
 .bss           0x8101b000        0x0 binaries/clkhandler.o
 .bss           0x8101b000        0x4 binaries/clkinit.o
                0x8101b000                ctr1000
 .bss           0x8101b004        0x0 binaries/close.o
 .bss           0x8101b004        0x0 binaries/conf.o
 .bss           0x8101b004        0x0 binaries/control.o
 .bss           0x8101b004        0x0 binaries/create.o
 .bss           0x8101b004        0x0 binaries/evec.o
 .bss           0x8101b004        0x0 binaries/exit.o
 .bss           0x8101b004        0x0 binaries/freebuf.o
 .bss           0x8101b004        0x0 binaries/freemem.o
 .bss           0x8101b004        0x0 binaries/getbuf.o
 .bss           0x8101b004        0x0 binaries/getc.o
 .bss           0x8101b004        0x0 binaries/getdev.o
 .bss           0x8101b004        0x0 binaries/getitem.o
 .bss           0x8101b004        0x0 binaries/getmem.o
 .bss           0x8101b004        0x0 binaries/getpid.o
 .bss           0x8101b004        0x0 binaries/getprio.o
 .bss           0x8101b004        0x0 binaries/getstk.o
 .bss           0x8101b004        0x0 binaries/getticks.o
 .bss           0x8101b004        0x0 binaries/gettime.o
 .bss           0x8101b004        0x0 binaries/getutime.o
 .bss           0x8101b004        0x0 binaries/init.o
 .bss           0x8101b004        0x0 binaries/initialize.o
 .bss           0x8101b004        0x0 binaries/insert.o
 .bss           0x8101b004        0x0 binaries/insertd.o
 .bss           0x8101b004        0x0 binaries/ioerr.o
 .bss           0x8101b004        0x0 binaries/ionull.o
 .bss           0x8101b004        0x0 binaries/kill.o
 .bss           0x8101b004        0x0 binaries/kprintf.o
 .bss           0x8101b004        0x0 binaries/main.o
 .bss           0x8101b004        0x0 binaries/mark.o
 .bss           0x8101b004        0x0 binaries/meminit.o
 .bss           0x8101b004        0x0 binaries/mkbufpool.o
 .bss           0x8101b004        0x0 binaries/newqueue.o
 .bss           0x8101b004        0x0 binaries/open.o
 .bss           0x8101b004        0x0 binaries/panic.o
 .bss           0x8101b004        0x0 binaries/platinit.o
 .bss           0x8101b004        0x0 binaries/ptclear.o
 .bss           0x8101b004        0x0 binaries/ptcount.o
 .bss           0x8101b004        0x0 binaries/ptcreate.o
 .bss           0x8101b004        0x0 binaries/ptdelete.o
 .bss           0x8101b004        0x0 binaries/ptinit.o
 .bss           0x8101b004        0x0 binaries/ptrecv.o
 .bss           0x8101b004        0x0 binaries/ptreset.o
 .bss           0x8101b004        0x0 binaries/ptsend.o
 .bss           0x8101b004        0x0 binaries/putc.o
 .bss           0x8101b004        0x0 binaries/queue.o
 .bss           0x8101b004        0x0 binaries/read.o
 .bss           0x8101b004        0x0 binaries/ready.o
 .bss           0x8101b004        0x0 binaries/receive.o
 .bss           0x8101b004        0x0 binaries/recvclr.o
 .bss           0x8101b004        0x0 binaries/recvtime.o
 .bss           0x8101b004        0x0 binaries/resched.o
 .bss           0x8101b004        0x0 binaries/resume.o
 .bss           0x8101b004        0x0 binaries/seek.o
 .bss           0x8101b004        0x0 binaries/semcount.o
 .bss           0x8101b004        0x4 binaries/semcreate.o
 .bss           0x8101b008        0x0 binaries/semdelete.o
 .bss           0x8101b008        0x0 binaries/semreset.o
 .bss           0x8101b008        0x0 binaries/send.o
 .bss           0x8101b008        0x0 binaries/signal.o
 .bss           0x8101b008        0x0 binaries/signaln.o
 .bss           0x8101b008        0x0 binaries/sleep.o
 .bss           0x8101b008        0x0 binaries/suspend.o
 .bss           0x8101b008        0x0 binaries/unsleep.o
 .bss           0x8101b008        0x0 binaries/userret.o
 .bss           0x8101b008        0x0 binaries/wait.o
 .bss           0x8101b008        0x0 binaries/wakeup.o
 .bss           0x8101b008        0x0 binaries/write.o
 .bss           0x8101b008        0x0 binaries/xdone.o
 .bss           0x8101b008        0x0 binaries/yield.o
 .bss           0x8101b008        0x0 binaries/abs.o
 .bss           0x8101b008        0x0 binaries/atoi.o
 .bss           0x8101b008        0x0 binaries/atol.o
 .bss           0x8101b008        0x0 binaries/bzero.o
 .bss           0x8101b008        0x0 binaries/ctype_.o
 .bss           0x8101b008        0x0 binaries/doprnt.o
 .bss           0x8101b008        0x0 binaries/doscan.o
 .bss           0x8101b008        0x0 binaries/fdoprnt.o
 .bss           0x8101b008        0x0 binaries/fgetc.o
 .bss           0x8101b008        0x0 binaries/fgets.o
 .bss           0x8101b008        0x0 binaries/fprintf.o
 .bss           0x8101b008        0x0 binaries/fputc.o
 .bss           0x8101b008        0x0 binaries/fputs.o
 .bss           0x8101b008        0x0 binaries/fscanf.o
 .bss           0x8101b008        0x0 binaries/getchar.o
 .bss           0x8101b008        0x0 binaries/labs.o
 .bss           0x8101b008        0x0 binaries/memchr.o
 .bss           0x8101b008        0x0 binaries/memcmp.o
 .bss           0x8101b008        0x0 binaries/memcpy.o
 .bss           0x8101b008        0x0 binaries/memset.o
 .bss           0x8101b008        0x0 binaries/printf.o
 .bss           0x8101b008        0x0 binaries/putchar.o
 .bss           0x8101b008        0x8 binaries/qsort.o
 .bss           0x8101b010        0x0 binaries/rand.o
 .bss           0x8101b010        0x0 binaries/sprintf.o
 .bss           0x8101b010        0x0 binaries/sscanf.o
 .bss           0x8101b010        0x0 binaries/strchr.o
 .bss           0x8101b010        0x0 binaries/strcmp.o
 .bss           0x8101b010        0x0 binaries/strcpy.o
 .bss           0x8101b010        0x0 binaries/strlen.o
 .bss           0x8101b010        0x0 binaries/strncat.o
 .bss           0x8101b010        0x0 binaries/strncmp.o
 .bss           0x8101b010        0x0 binaries/strncpy.o
 .bss           0x8101b010        0x0 binaries/strnlen.o
 .bss           0x8101b010        0x0 binaries/strrchr.o
 .bss           0x8101b010        0x0 binaries/strstr.o
 .bss           0x8101b010        0x0 binaries/ttycontrol.o
 .bss           0x8101b010        0x0 binaries/ttygetc.o
 .bss           0x8101b010        0x0 binaries/ttyhandle_in.o
 .bss           0x8101b010        0x0 binaries/ttyhandle_out.o
 .bss           0x8101b010        0x0 binaries/ttyhandler.o
 .bss           0x8101b010        0x0 binaries/ttyinit.o
 .bss           0x8101b010        0x0 binaries/ttykickout.o
 .bss           0x8101b010        0x0 binaries/ttyputc.o
 .bss           0x8101b010        0x0 binaries/ttyread.o
 .bss           0x8101b010        0x0 binaries/ttywrite.o
 .bss           0x8101b010        0x0 binaries/mount.o
 .bss           0x8101b010        0x0 binaries/naminit.o
 .bss           0x8101b010        0x0 binaries/nammap.o
 .bss           0x8101b010        0x0 binaries/namopen.o
 .bss           0x8101b010        0x0 binaries/ethcontrol.o
 .bss           0x8101b010        0x0 binaries/ethhandler.o
 .bss           0x8101b010        0x0 binaries/ethinit.o
 .bss           0x8101b010        0x0 binaries/ethread.o
 .bss           0x8101b010        0x0 binaries/ethwrite.o
 .bss           0x8101b010        0x0 binaries/rdsbufalloc.o
 .bss           0x8101b010        0x0 binaries/rdsclose.o
 .bss           0x8101b010        0x0 binaries/rdscomm.o
 .bss           0x8101b010        0x0 binaries/rdscontrol.o
 .bss           0x8101b010        0x0 binaries/rdsinit.o
 .bss           0x8101b010        0x0 binaries/rdsopen.o
 .bss           0x8101b010        0x0 binaries/rdsprocess.o
 .bss           0x8101b010        0x0 binaries/rdsread.o
 .bss           0x8101b010        0x0 binaries/rdswrite.o
 .bss           0x8101b010        0x0 binaries/ramclose.o
 .bss           0x8101b010        0x0 binaries/raminit.o
 .bss           0x8101b010        0x0 binaries/ramopen.o
 .bss           0x8101b010        0x0 binaries/ramread.o
 .bss           0x8101b010        0x0 binaries/ramwrite.o
 .bss           0x8101b010        0x0 binaries/lfdballoc.o
 .bss           0x8101b010        0x0 binaries/lfdbfree.o
 .bss           0x8101b010        0x0 binaries/lfflush.o
 .bss           0x8101b010        0x0 binaries/lfgetmode.o
 .bss           0x8101b010        0x0 binaries/lfiballoc.o
 .bss           0x8101b010        0x0 binaries/lfibclear.o
 .bss           0x8101b010        0x0 binaries/lfibget.o
 .bss           0x8101b010        0x0 binaries/lfibput.o
 .bss           0x8101b010        0x0 binaries/lflclose.o
 .bss           0x8101b010        0x0 binaries/lflcontrol.o
 .bss           0x8101b010        0x0 binaries/lflgetc.o
 .bss           0x8101b010        0x0 binaries/lflinit.o
 .bss           0x8101b010        0x0 binaries/lflputc.o
 .bss           0x8101b010        0x0 binaries/lflread.o
 .bss           0x8101b010        0x0 binaries/lflseek.o
 .bss           0x8101b010        0x0 binaries/lflwrite.o
 .bss           0x8101b010        0x0 binaries/lfscheck.o
 .bss           0x8101b010        0x0 binaries/lfsckfmt.o
 .bss           0x8101b010        0x0 binaries/lfscreate.o
 .bss           0x8101b010        0x0 binaries/lfsetup.o
 .bss           0x8101b010        0x0 binaries/lfsinit.o
 .bss           0x8101b010        0x0 binaries/lfsopen.o
 .bss           0x8101b010        0x0 binaries/lftruncate.o
 .bss           0x8101b010        0x0 binaries/rflclose.o
 .bss           0x8101b010        0x0 binaries/rflgetc.o
 .bss           0x8101b010        0x0 binaries/rflinit.o
 .bss           0x8101b010        0x0 binaries/rflputc.o
 .bss           0x8101b010        0x0 binaries/rflread.o
 .bss           0x8101b010        0x0 binaries/rflseek.o
 .bss           0x8101b010        0x0 binaries/rflwrite.o
 .bss           0x8101b010        0x0 binaries/rfscomm.o
 .bss           0x8101b010        0x0 binaries/rfscontrol.o
 .bss           0x8101b010        0x0 binaries/rfsgetmode.o
 .bss           0x8101b010        0x0 binaries/rfsinit.o
 .bss           0x8101b010        0x0 binaries/rfsndmsg.o
 .bss           0x8101b010        0x0 binaries/rfsopen.o
 .bss           0x8101b010        0x0 binaries/spicontrol.o
 .bss           0x8101b010        0x0 binaries/spiinit.o
 .bss           0x8101b010        0x0 binaries/gpio.o
 .bss           0x8101b010        0x0 binaries/temperature_sensor.o
 .bss           0x8101b010        0x0 binaries/arp.o
 .bss           0x8101b010        0x0 binaries/dhcp.o
 .bss           0x8101b010        0x0 binaries/dns.o
 .bss           0x8101b010        0x0 binaries/dot2ip.o
 .bss           0x8101b010        0x0 binaries/hexdump.o
 .bss           0x8101b010        0x0 binaries/icmp.o
 .bss           0x8101b010        0x0 binaries/ip.o
 .bss           0x8101b010        0x0 binaries/net.o
 .bss           0x8101b010        0x0 binaries/pdump.o
[...]
                0x00001d8b       0x35 binaries/ramread.o
 .ARM.attributes
                0x00001dc0       0x35 binaries/ramwrite.o
 .ARM.attributes
                0x00001df5       0x35 binaries/lfdballoc.o
 .ARM.attributes
                0x00001e2a       0x35 binaries/lfdbfree.o
 .ARM.attributes
                0x00001e5f       0x35 binaries/lfflush.o
 .ARM.attributes
                0x00001e94       0x35 binaries/lfgetmode.o
 .ARM.attributes
                0x00001ec9       0x35 binaries/lfiballoc.o
 .ARM.attributes
                0x00001efe       0x35 binaries/lfibclear.o
 .ARM.attributes
                0x00001f33       0x35 binaries/lfibget.o
 .ARM.attributes
                0x00001f68       0x35 binaries/lfibput.o
 .ARM.attributes
                0x00001f9d       0x35 binaries/lflclose.o
 .ARM.attributes
                0x00001fd2       0x35 binaries/lflcontrol.o
 .ARM.attributes
                0x00002007       0x35 binaries/lflgetc.o
 .ARM.attributes
                0x0000203c       0x35 binaries/lflinit.o
 .ARM.attributes
                0x00002071       0x35 binaries/lflputc.o
 .ARM.attributes
                0x000020a6       0x35 binaries/lflread.o
 .ARM.attributes
                0x000020db       0x35 binaries/lflseek.o
 .ARM.attributes
                0x00002110       0x35 binaries/lflwrite.o
 .ARM.attributes
                0x00002145       0x35 binaries/lfscheck.o
 .ARM.attributes
                0x0000217a       0x35 binaries/lfsckfmt.o
 .ARM.attributes
                0x000021af       0x35 binaries/lfscreate.o
 .ARM.attributes
                0x000021e4       0x35 binaries/lfsetup.o
 .ARM.attributes
                0x00002219       0x35 binaries/lfsinit.o
 .ARM.attributes
                0x0000224e       0x35 binaries/lfsopen.o
 .ARM.attributes
                0x00002283       0x35 binaries/lftruncate.o
 .ARM.attributes
                0x000022b8       0x35 binaries/rflclose.o
 .ARM.attributes
                0x000022ed       0x35 binaries/rflgetc.o
 .ARM.attributes
                0x00002322       0x35 binaries/rflinit.o
 .ARM.attributes
                0x00002357       0x35 binaries/rflputc.o
 .ARM.attributes
                0x0000238c       0x35 binaries/rflread.o
 .ARM.attributes
                0x000023c1       0x35 binaries/rflseek.o
 .ARM.attributes
                0x000023f6       0x35 binaries/rflwrite.o
 .ARM.attributes
                0x0000242b       0x35 binaries/rfscomm.o
 .ARM.attributes
                0x00002460       0x35 binaries/rfscontrol.o
 .ARM.attributes
                0x00002495       0x35 binaries/rfsgetmode.o
 .ARM.attributes
                0x000024ca       0x35 binaries/rfsinit.o
 .ARM.attributes
                0x000024ff       0x35 binaries/rfsndmsg.o
 .ARM.attributes
                0x00002534       0x35 binaries/rfsopen.o
 .ARM.attributes
                0x00002569       0x35 binaries/spicontrol.o
 .ARM.attributes
                0x0000259e       0x35 binaries/spiinit.o
 .ARM.attributes
                0x000025d3       0x35 binaries/gpio.o
 .ARM.attributes
                0x00002608       0x35 binaries/temperature_sensor.o
 .ARM.attributes
                0x0000263d       0x35 binaries/arp.o
 .ARM.attributes
                0x00002672       0x35 binaries/dhcp.o
 .ARM.attributes
                0x000026a7       0x35 binaries/dns.o
 .ARM.attributes
                0x000026dc       0x35 binaries/dot2ip.o
 .ARM.attributes
                0x00002711       0x35 binaries/hexdump.o
 .ARM.attributes
                0x00002746       0x35 binaries/icmp.o
 .ARM.attributes
                0x0000277b       0x35 binaries/ip.o
 .ARM.attributes
                0x000027b0       0x35 binaries/net.o
 .ARM.attributes
                0x000027e5       0x35 binaries/pdump.o
 .ARM.attributes
                0x0000281a       0x35 binaries/tftp.o
 .ARM.attributes
                0x0000284f       0x35 binaries/udp.o
 .ARM.attributes
                0x00002884       0x35 binaries/addargs.o
 .ARM.attributes
                0x000028b9       0x35 binaries/lexan.o
 .ARM.attributes
                0x000028ee       0x35 binaries/shell.o
 .ARM.attributes
                0x00002923       0x35 binaries/xsh_adccli.o
 .ARM.attributes
                0x00002958       0x35 binaries/xsh_argecho.o
 .ARM.attributes
                0x0000298d       0x35 binaries/xsh_arp.o
 .ARM.attributes
                0x000029c2       0x35 binaries/xsh_cat.o
 .ARM.attributes
                0x000029f7       0x35 binaries/xsh_clear.o
 .ARM.attributes
                0x00002a2c       0x35 binaries/xsh_date.o
 .ARM.attributes
                0x00002a61       0x35 binaries/xsh_devdump.o
 .ARM.attributes
                0x00002a96       0x35 binaries/xsh_echo.o
 .ARM.attributes
                0x00002acb       0x35 binaries/xsh_exit.o
 .ARM.attributes
                0x00002b00       0x35 binaries/xsh_gpiocli.o
 .ARM.attributes
                0x00002b35       0x35 binaries/xsh_help.o
 .ARM.attributes
                0x00002b6a       0x35 binaries/xsh_kill.o
 .ARM.attributes
                0x00002b9f       0x35 binaries/xsh_memdump.o
 .ARM.attributes
                0x00002bd4       0x35 binaries/xsh_memstat.o
 .ARM.attributes
                0x00002c09       0x35 binaries/xsh_memwrite.o
 .ARM.attributes
                0x00002c3e       0x35 binaries/xsh_netinfo.o
 .ARM.attributes
                0x00002c73       0x35 binaries/xsh_ping.o
 .ARM.attributes
                0x00002ca8       0x35 binaries/xsh_ps.o
 .ARM.attributes
                0x00002cdd       0x35 binaries/xsh_sleep.o
 .ARM.attributes
                0x00002d12       0x35 binaries/xsh_udpdump.o
 .ARM.attributes
                0x00002d47       0x35 binaries/xsh_udpecho.o
 .ARM.attributes
                0x00002d7c       0x35 binaries/xsh_udpserver.o
 .ARM.attributes
                0x00002db1       0x35 binaries/xsh_uptime.o
 .ARM.attributes
                0x00002de6       0x25 binaries/ctxsw.o
 .ARM.attributes
                0x00002e0b       0x25 binaries/intr.o
 .ARM.attributes
                0x00002e30       0x18 ../cross_compiler/lib/gcc/arm-none-eabi/4.8.1//libgcc.a(_udivsi3.o)
 .ARM.attributes
                0x00002e48       0x18 ../cross_compiler/lib/gcc/arm-none-eabi/4.8.1//libgcc.a(_divsi3.o)
 .ARM.attributes
                0x00002e60       0x18 ../cross_compiler/lib/gcc/arm-none-eabi/4.8.1//libgcc.a(_dvmd_tls.o)
 .ARM.attributes
                0x00002e78       0x18 ../cross_compiler/lib/gcc/arm-none-eabi/4.8.1//libgcc.a(_arm_addsubdf3.o)
 .ARM.attributes
                0x00002e90       0x18 ../cross_compiler/lib/gcc/arm-none-eabi/4.8.1//libgcc.a(_arm_muldivdf3.o)
 .ARM.attributes
                0x00002ea8       0x18 ../cross_compiler/lib/gcc/arm-none-eabi/4.8.1//libgcc.a(_arm_cmpdf2.o)
 .ARM.attributes
                0x00002ec0       0x18 ../cross_compiler/lib/gcc/arm-none-eabi/4.8.1//libgcc.a(_arm_fixdfsi.o)
 .ARM.attributes
                0x00002ed8       0x18 ../cross_compiler/lib/gcc/arm-none-eabi/4.8.1//libgcc.a(_arm_fixunsdfsi.o)

.comment        0x00000000       0x30
 .comment       0x00000000       0x30 binaries/adc.o
                                 0x31 (size before relaxing)
 .comment       0x00000000       0x31 binaries/ascdate.o
 .comment       0x00000000       0x31 binaries/bufinit.o
 .comment       0x00000000       0x31 binaries/chprio.o
 .comment       0x00000000       0x31 binaries/clkhandler.o
 .comment       0x00000000       0x31 binaries/clkinit.o
 .comment       0x00000000       0x31 binaries/close.o
 .comment       0x00000000       0x31 binaries/conf.o
 .comment       0x00000000       0x31 binaries/control.o
 .comment       0x00000000       0x31 binaries/create.o
 .comment       0x00000000       0x31 binaries/evec.o
 .comment       0x00000000       0x31 binaries/exit.o
 .comment       0x00000000       0x31 binaries/freebuf.o
 .comment       0x00000000       0x31 binaries/freemem.o
 .comment       0x00000000       0x31 binaries/getbuf.o
 .comment       0x00000000       0x31 binaries/getc.o
 .comment       0x00000000       0x31 binaries/getdev.o
 .comment       0x00000000       0x31 binaries/getitem.o
 .comment       0x00000000       0x31 binaries/getmem.o
 .comment       0x00000000       0x31 binaries/getpid.o
 .comment       0x00000000       0x31 binaries/getprio.o
 .comment       0x00000000       0x31 binaries/getstk.o
 .comment       0x00000000       0x31 binaries/getticks.o
 .comment       0x00000000       0x31 binaries/gettime.o
 .comment       0x00000000       0x31 binaries/getutime.o
 .comment       0x00000000       0x31 binaries/init.o
 .comment       0x00000000       0x31 binaries/initialize.o
 .comment       0x00000000       0x31 binaries/insert.o
 .comment       0x00000000       0x31 binaries/insertd.o
 .comment       0x00000000       0x31 binaries/ioerr.o
 .comment       0x00000000       0x31 binaries/ionull.o
 .comment       0x00000000       0x31 binaries/kill.o
 .comment       0x00000000       0x31 binaries/kprintf.o
 .comment       0x00000000       0x31 binaries/main.o
 .comment       0x00000000       0x31 binaries/mark.o
 .comment       0x00000000       0x31 binaries/meminit.o
 .comment       0x00000000       0x31 binaries/mkbufpool.o
 .comment       0x00000000       0x31 binaries/newqueue.o
 .comment       0x00000000       0x31 binaries/open.o
 .comment       0x00000000       0x31 binaries/panic.o
 .comment       0x00000000       0x31 binaries/platinit.o
 .comment       0x00000000       0x31 binaries/ptclear.o
 .comment       0x00000000       0x31 binaries/ptcount.o
 .comment       0x00000000       0x31 binaries/ptcreate.o
 .comment       0x00000000       0x31 binaries/ptdelete.o
 .comment       0x00000000       0x31 binaries/ptinit.o
 .comment       0x00000000       0x31 binaries/ptrecv.o
 .comment       0x00000000       0x31 binaries/ptreset.o
 .comment       0x00000000       0x31 binaries/ptsend.o
 .comment       0x00000000       0x31 binaries/putc.o
 .comment       0x00000000       0x31 binaries/queue.o
 .comment       0x00000000       0x31 binaries/read.o
 .comment       0x00000000       0x31 binaries/ready.o
 .comment       0x00000000       0x31 binaries/receive.o
 .comment       0x00000000       0x31 binaries/recvclr.o
 .comment       0x00000000       0x31 binaries/recvtime.o
 .comment       0x00000000       0x31 binaries/resched.o
 .comment       0x00000000       0x31 binaries/resume.o
 .comment       0x00000000       0x31 binaries/seek.o
 .comment       0x00000000       0x31 binaries/semcount.o
 .comment       0x00000000       0x31 binaries/semcreate.o
 .comment       0x00000000       0x31 binaries/semdelete.o
 .comment       0x00000000       0x31 binaries/semreset.o
 .comment       0x00000000       0x31 binaries/send.o
 .comment       0x00000000       0x31 binaries/signal.o
 .comment       0x00000000       0x31 binaries/signaln.o
 .comment       0x00000000       0x31 binaries/sleep.o
 .comment       0x00000000       0x31 binaries/suspend.o
 .comment       0x00000000       0x31 binaries/unsleep.o
 .comment       0x00000000       0x31 binaries/userret.o
 .comment       0x00000000       0x31 binaries/wait.o
 .comment       0x00000000       0x31 binaries/wakeup.o
 .comment       0x00000000       0x31 binaries/write.o
 .comment       0x00000000       0x31 binaries/xdone.o
 .comment       0x00000000       0x31 binaries/yield.o
 .comment       0x00000000       0x31 binaries/abs.o
 .comment       0x00000000       0x31 binaries/atoi.o
 .comment       0x00000000       0x31 binaries/atol.o
 .comment       0x00000000       0x31 binaries/bzero.o
 .comment       0x00000000       0x31 binaries/ctype_.o
 .comment       0x00000000       0x31 binaries/doprnt.o
 .comment       0x00000000       0x31 binaries/doscan.o
 .comment       0x00000000       0x31 binaries/fdoprnt.o
 .comment       0x00000000       0x31 binaries/fgetc.o
 .comment       0x00000000       0x31 binaries/fgets.o
 .comment       0x00000000       0x31 binaries/fprintf.o
 .comment       0x00000000       0x31 binaries/fputc.o
 .comment       0x00000000       0x31 binaries/fputs.o
 .comment       0x00000000       0x31 binaries/fscanf.o
 .comment       0x00000000       0x31 binaries/getchar.o
 .comment       0x00000000       0x31 binaries/labs.o
 .comment       0x00000000       0x31 binaries/memchr.o
 .comment       0x00000000       0x31 binaries/memcmp.o
 .comment       0x00000000       0x31 binaries/memcpy.o
 .comment       0x00000000       0x31 binaries/memset.o
 .comment       0x00000000       0x31 binaries/printf.o
 .comment       0x00000000       0x31 binaries/putchar.o
 .comment       0x00000000       0x31 binaries/qsort.o
 .comment       0x00000000       0x31 binaries/rand.o
 .comment       0x00000000       0x31 binaries/sprintf.o
 .comment       0x00000000       0x31 binaries/sscanf.o
 .comment       0x00000000       0x31 binaries/strchr.o
 .comment       0x00000000       0x31 binaries/strcmp.o
 .comment       0x00000000       0x31 binaries/strcpy.o
 .comment       0x00000000       0x31 binaries/strlen.o
 .comment       0x00000000       0x31 binaries/strncat.o
 .comment       0x00000000       0x31 binaries/strncmp.o
 .comment       0x00000000       0x31 binaries/strncpy.o
 .comment       0x00000000       0x31 binaries/strnlen.o
 .comment       0x00000000       0x31 binaries/strrchr.o
 .comment       0x00000000       0x31 binaries/strstr.o
 .comment       0x00000000       0x31 binaries/ttycontrol.o
 .comment       0x00000000       0x31 binaries/ttygetc.o
 .comment       0x00000000       0x31 binaries/ttyhandle_in.o
 .comment       0x00000000       0x31 binaries/ttyhandle_out.o
 .comment       0x00000000       0x31 binaries/ttyhandler.o
 .comment       0x00000000       0x31 binaries/ttyinit.o
 .comment       0x00000000       0x31 binaries/ttykickout.o
 .comment       0x00000000       0x31 binaries/ttyputc.o
 .comment       0x00000000       0x31 binaries/ttyread.o
 .comment       0x00000000       0x31 binaries/ttywrite.o
 .comment       0x00000000       0x31 binaries/mount.o
 .comment       0x00000000       0x31 binaries/naminit.o
 .comment       0x00000000       0x31 binaries/nammap.o
 .comment       0x00000000       0x31 binaries/namopen.o
 .comment       0x00000000       0x31 binaries/ethcontrol.o
 .comment       0x00000000       0x31 binaries/ethhandler.o
 .comment       0x00000000       0x31 binaries/ethinit.o
 .comment       0x00000000       0x31 binaries/ethread.o
 .comment       0x00000000       0x31 binaries/ethwrite.o
 .comment       0x00000000       0x31 binaries/rdsbufalloc.o
 .comment       0x00000000       0x31 binaries/rdsclose.o
 .comment       0x00000000       0x31 binaries/rdscomm.o
 .comment       0x00000000       0x31 binaries/rdscontrol.o
 .comment       0x00000000       0x31 binaries/rdsinit.o
 .comment       0x00000000       0x31 binaries/rdsopen.o
 .comment       0x00000000       0x31 binaries/rdsprocess.o
 .comment       0x00000000       0x31 binaries/rdsread.o
 .comment       0x00000000       0x31 binaries/rdswrite.o
 .comment       0x00000000       0x31 binaries/ramclose.o
 .comment       0x00000000       0x31 binaries/raminit.o
 .comment       0x00000000       0x31 binaries/ramopen.o
 .comment       0x00000000       0x31 binaries/ramread.o
 .comment       0x00000000       0x31 binaries/ramwrite.o
 .comment       0x00000000       0x31 binaries/lfdballoc.o
 .comment       0x00000000       0x31 binaries/lfdbfree.o
 .comment       0x00000000       0x31 binaries/lfflush.o
 .comment       0x00000000       0x31 binaries/lfgetmode.o
 .comment       0x00000000       0x31 binaries/lfiballoc.o
 .comment       0x00000000       0x31 binaries/lfibclear.o
 .comment       0x00000000       0x31 binaries/lfibget.o
 .comment       0x00000000       0x31 binaries/lfibput.o
 .comment       0x00000000       0x31 binaries/lflclose.o
 .comment       0x00000000       0x31 binaries/lflcontrol.o
 .comment       0x00000000       0x31 binaries/lflgetc.o
 .comment       0x00000000       0x31 binaries/lflinit.o
 .comment       0x00000000       0x31 binaries/lflputc.o
 .comment       0x00000000       0x31 binaries/lflread.o
 .comment       0x00000000       0x31 binaries/lflseek.o
 .comment       0x00000000       0x31 binaries/lflwrite.o
 .comment       0x00000000       0x31 binaries/lfscheck.o
 .comment       0x00000000       0x31 binaries/lfsckfmt.o
 .comment       0x00000000       0x31 binaries/lfscreate.o
 .comment       0x00000000       0x31 binaries/lfsetup.o
 .comment       0x00000000       0x31 binaries/lfsinit.o
 .comment       0x00000000       0x31 binaries/lfsopen.o
 .comment       0x00000000       0x31 binaries/lftruncate.o
 .comment       0x00000000       0x31 binaries/rflclose.o
 .comment       0x00000000       0x31 binaries/rflgetc.o
 .comment       0x00000000       0x31 binaries/rflinit.o
 .comment       0x00000000       0x31 binaries/rflputc.o
 .comment       0x00000000       0x31 binaries/rflread.o
 .comment       0x00000000       0x31 binaries/rflseek.o
 .comment       0x00000000       0x31 binaries/rflwrite.o
 .comment       0x00000000       0x31 binaries/rfscomm.o
 .comment       0x00000000       0x31 binaries/rfscontrol.o
 .comment       0x00000000       0x31 binaries/rfsgetmode.o
 .comment       0x00000000       0x31 binaries/rfsinit.o
 .comment       0x00000000       0x31 binaries/rfsndmsg.o
 .comment       0x00000000       0x31 binaries/rfsopen.o
 .comment       0x00000000       0x31 binaries/spicontrol.o
 .comment       0x00000000       0x31 binaries/spiinit.o
 .comment       0x00000000       0x31 binaries/gpio.o
 .comment       0x00000000       0x31 binaries/temperature_sensor.o
 .comment       0x00000000       0x31 binaries/arp.o
 .comment       0x00000000       0x31 binaries/dhcp.o
 .comment       0x00000000       0x31 binaries/dns.o
 .comment       0x00000000       0x31 binaries/dot2ip.o
 .comment       0x00000000       0x31 binaries/hexdump.o
 .comment       0x00000000       0x31 binaries/icmp.o
 .comment       0x00000000       0x31 binaries/ip.o
 .comment       0x00000000       0x31 binaries/net.o
 .comment       0x00000000       0x31 binaries/pdump.o
 .comment       0x00000000       0x31 binaries/tftp.o
 .comment       0x00000000       0x31 binaries/udp.o
 .comment       0x00000000       0x31 binaries/addargs.o
 .comment       0x00000000       0x31 binaries/lexan.o
 .comment       0x00000000       0x31 binaries/shell.o
 .comment       0x00000000       0x31 binaries/xsh_adccli.o
 .comment       0x00000000       0x31 binaries/xsh_argecho.o
 .comment       0x00000000       0x31 binaries/xsh_arp.o
 .comment       0x00000000       0x31 binaries/xsh_cat.o
 .comment       0x00000000       0x31 binaries/xsh_clear.o
 .comment       0x00000000       0x31 binaries/xsh_date.o
 .comment       0x00000000       0x31 binaries/xsh_devdump.o
 .comment       0x00000000       0x31 binaries/xsh_echo.o
 .comment       0x00000000       0x31 binaries/xsh_exit.o
 .comment       0x00000000       0x31 binaries/xsh_gpiocli.o
 .comment       0x00000000       0x31 binaries/xsh_help.o
 .comment       0x00000000       0x31 binaries/xsh_kill.o
 .comment       0x00000000       0x31 binaries/xsh_memdump.o
 .comment       0x00000000       0x31 binaries/xsh_memstat.o
 .comment       0x00000000       0x31 binaries/xsh_memwrite.o
 .comment       0x00000000       0x31 binaries/xsh_netinfo.o
 .comment       0x00000000       0x31 binaries/xsh_ping.o
 .comment       0x00000000       0x31 binaries/xsh_ps.o
 .comment       0x00000000       0x31 binaries/xsh_sleep.o
 .comment       0x00000000       0x31 binaries/xsh_udpdump.o
 .comment       0x00000000       0x31 binaries/xsh_udpecho.o
 .comment       0x00000000       0x31 binaries/xsh_udpserver.o
 .comment       0x00000000       0x31 binaries/xsh_uptime.o

.debug_frame    0x00000000       0x40
 .debug_frame   0x00000000       0x20 ../cross_compiler/lib/gcc/arm-none-eabi/4.8.1//libgcc.a(_udivsi3.o)
 .debug_frame   0x00000020       0x20 ../cross_compiler/lib/gcc/arm-none-eabi/4.8.1//libgcc.a(_divsi3.o)
